0x80000000 (0x100000b7) x1  0x10000000
0x80000004 (0x00008093) x1  0x10000000
0x80000008 (0x12345137) x2  0x12345000
0x80000008 (0x12345137) x2  0x12345000
0x8000000c (0x67810113) x2  0x12345678
0x80000010 (0xfff00193) x3  0xffffffff
0x80000014 (0x0aa00213) x4  0x000000aa
0x80000018 (0x0020a023)
0x8000001c (0x00209223)
0x80000020 (0x00408323)
0x80000024 (0x0030a423)
0x80000028 (0x00208623)
0x8000002c (0x0000a283) x5  0x12345678
0x80000030 (0x00009303) x6  0x00005678
0x80000034 (0x0000d383) x7  0x00005678
0x80000038 (0x00008403) x8  0x00000078
0x8000003c (0x0000c483) x9  0x00000078
0x80000040 (0x00108503) x10 0x00000056
0x80000044 (0x0010c583) x11 0x00000056
0x80000048 (0x00409603) x12 0x00005678
0x8000004c (0x00608683) x13 0xffffffaa
0x80000050 (0x0060c703) x14 0x000000aa
0x80000054 (0x0080a783) x15 0xffffffff
0x80000058 (0x00808803) x16 0xffffffff
0x8000005c (0x0080c883) x17 0x000000ff
0x80000060 (0x00c09903) x18 0x00000078
0x80000064 (0x00c08983) x19 0x00000078
